Starting comprehensive model test...

--- Testing gemini-1.5-flash ---
ÔØî FAILED: gemini-1.5-flash
Error: {"error":{"code":404,"message":"models/gemini-1.5-flash is not found for API version v1beta, or is not supported for generateContent. Call ListModels to see the list of available models and their supported methods.","status":"NOT_FOUND"}}

--- Testing gemini-1.5-pro ---
ÔØî FAILED: gemini-1.5-pro
Error: {"error":{"code":404,"message":"models/gemini-1.5-pro is not found for API version v1beta, or is not supported for generateContent. Call ListModels to see the list of available models and their supported methods.","status":"NOT_FOUND"}}

--- Testing gemini-1.0-pro ---
ÔØî FAILED: gemini-1.0-pro
Error: {"error":{"code":404,"message":"models/gemini-1.0-pro is not found for API version v1beta, or is not supported for generateContent. Call ListModels to see the list of available models and their supported methods.","status":"NOT_FOUND"}}

--- Testing gemini-2.0-flash-exp ---
Ô£à SUCCESS: gemini-2.0-flash-exp
Response: Yes, I am currently running and ready to assist yo...

--- Testing gemini-3-pro-preview ---
ÔØî FAILED: gemini-3-pro-preview
Error: {"error":{"code":403,"message":"Your API key was reported as leaked. Please use another API key.","status":"PERMISSION_DENIED"}}
